// Jest Snapshot v1, https://goo.gl/fbAQLP

exports[`Component should show 'red' text 'HE World' 1`] = `
<div
  style={
    Object {
      "color": "red",
    }
  }
>
  HI 
  World
</div>
`;

exports[`TEST SUIT 1`] = `
<div
  style={
    Object {
      "color": "red",
    }
  }
>
  HI 
  World
</div>
`;
